// Jest Snapshot v1, https://goo.gl/fbAQLP

exports[`ResponseCodeError renders correctly 1`] = `
<div
  className="node-graph-container"
>
  <div
    className="graph-header"
  >
    <div
      className="graph-title"
    >
      Response Code Errors
    </div>
    <div
      className="graph-options"
    >
      <div
        className="graph-option selected"
        onClick={[Function]}
      >
        DAY
      </div>
      <div
        className="graph-option "
        onClick={[Function]}
      >
        WEEK
      </div>
      <div
        className="graph-option "
        onClick={[Function]}
      >
        MONTH
      </div>
    </div>
  </div>
  <div
    className="graph-content"
  >
    <div
      className="graph-legend"
    >
      <div
        className="legend-item success"
      >
        SUCCESS
      </div>
      <div
        className="legend-item warning"
      >
        WARNING
      </div>
      <div
        className="legend-item error"
      >
        ERROR
      </div>
    </div>
    <div
      className="recharts-wrapper"
      style={
        Object {
          "cursor": "default",
          "height": 180,
          "position": "relative",
          "width": 180,
        }
      }
    >
      <svg
        className="recharts-surface"
        height={180}
        version="1.1"
        viewBox="0 0 180 180"
        width={180}
      >
        <defs>
          <clipPath
            id="recharts1-clip"
          >
            <rect
              height={170}
              width={170}
              x={5}
              y={5}
            />
          </clipPath>
        </defs>
      </svg>
      <div
        className="recharts-tooltip-wrapper"
        style={
          Object {
            "MozTransform": "translate(undefinedpx, undefinedpx)",
            "OTransform": "translate(undefinedpx, undefinedpx)",
            "WebkitTransform": "translate(undefinedpx, undefinedpx)",
            "msTransform": "translate(undefinedpx, undefinedpx)",
            "pointerEvents": "none",
            "position": "absolute",
            "top": 0,
            "transform": "translate(undefinedpx, undefinedpx)",
            "visibility": "hidden",
          }
        }
      >
        <div
          className="recharts-default-tooltip"
          style={
            Object {
              "backgroundColor": "#fff",
              "border": "1px solid #ccc",
              "margin": 0,
              "padding": 10,
              "whiteSpace": "nowrap",
            }
          }
        >
          <p
            className="recharts-tooltip-label"
            style={
              Object {
                "margin": 0,
              }
            }
          >
            
          </p>
        </div>
      </div>
    </div>
  </div>
</div>
`;
